// Generated using SwiftGen, by O.Halligon â€” https://github.com/AliSoftware/SwiftGen

import UIKit

extension UIColor {
  convenience init(rgbaValue: UInt32) {
    let red   = CGFloat((rgbaValue >> 24) & 0xff) / 255.0
    let green = CGFloat((rgbaValue >> 16) & 0xff) / 255.0
    let blue  = CGFloat((rgbaValue >>  8) & 0xff) / 255.0
    let alpha = CGFloat((rgbaValue      ) & 0xff) / 255.0

    self.init(red: red, green: green, blue: blue, alpha: alpha)
  }
}

extension UIColor {
  enum XCTColors {
    /// <span style="display:block;width:3em;height:2em;border:1px solid black;background:#339666"></span>
    /// Alpha: 100% <br/> (0x339666ff)
    case ArticleBody
    /// <span style="display:block;width:3em;height:2em;border:1px solid black;background:#ff66cc"></span>
    /// Alpha: 100% <br/> (0xff66ccff)
    case ArticleFootnote
    /// <span style="display:block;width:3em;height:2em;border:1px solid black;background:#33fe66"></span>
    /// Alpha: 100% <br/> (0x33fe66ff)
    case ArticleTitle
    /// <span style="display:block;width:3em;height:2em;border:1px solid black;background:#ff66cc"></span>
    /// Alpha: 100% <br/> (0xff66ccff)
    case Cyan_Color
    /// <span style="display:block;width:3em;height:2em;border:1px solid black;background:#ffffff"></span>
    /// Alpha: 80% <br/> (0xffffffcc)
    case Translucent

    static let rgbaValues: [XCTColors:UInt32] = [
      .ArticleBody : 0x339666ff,
      .ArticleFootnote : 0xff66ccff,
      .ArticleTitle : 0x33fe66ff,
      .Cyan_Color : 0xff66ccff,
      .Translucent : 0xffffffcc,
    ]

    var rgbaValue: UInt32! {
      return XCTColors.rgbaValues[self]
    }
  }

  convenience init(named name: XCTColors) {
    self.init(rgbaValue: name.rgbaValue)
  }
}
