// Generated using SwiftGen, by O.Halligon â€” https://github.com/AliSoftware/SwiftGen

import AppKit.NSColor

extension NSColor {
  convenience init(rgbaValue: UInt32) {
    let red   = CGFloat((rgbaValue >> 24) & 0xff) / 255.0
    let green = CGFloat((rgbaValue >> 16) & 0xff) / 255.0
    let blue  = CGFloat((rgbaValue >>  8) & 0xff) / 255.0
    let alpha = CGFloat((rgbaValue      ) & 0xff) / 255.0

    self.init(red: red, green: green, blue: blue, alpha: alpha)
  }
}

enum ColorName: UInt32 {
  /// <span style="display:block;width:3em;height:2em;border:1px solid black;background:#ffcc00"></span>
  /// Alpha: 60% <br/> (0xffcc0099)
  case ArticleBackground = 0xffcc0099
  /// <span style="display:block;width:3em;height:2em;border:1px solid black;background:#996600"></span>
  /// Alpha: 100% <br/> (0x996600ff)
  case ArticleTitle = 0x996600ff
  /// <span style="display:block;width:3em;height:2em;border:1px solid black;background:#999999"></span>
  /// Alpha: 100% <br/> (0x999999ff)
  case Text_Body_Color = 0x999999ff

  var color: NSColor {
    return NSColor(named: self)
  }
}

extension NSColor {
  convenience init(named name: ColorName) {
    self.init(rgbaValue: name.rawValue)
  }
}
