// Generated using SwiftGen, by O.Halligon â€” https://github.com/AliSoftware/SwiftGen

import AppKit.NSFont

protocol FontConvertible {
  func font(size: CGFloat) -> NSFont!
}

extension FontConvertible where Self: RawRepresentable, Self.RawValue == String {
  func font(size: CGFloat) -> NSFont! {
    return NSFont(font: self, size: size)
  }
}

extension NSFont {
  convenience init!<FontType: FontConvertible where FontType: RawRepresentable, FontType.RawValue == String>(font: FontType, size: CGFloat) {
    self.init(name: font.rawValue, size: size)
  }
}

struct CustomFamily {
  enum SFNSDisplay: String {
      case Regular = ".SFNSDisplay-Regular"
      case Heavy = ".SFNSDisplay-Heavy"
      case Black = ".SFNSDisplay-Black"
      case Bold = ".SFNSDisplay-Bold"
  }
  enum SFNSText: String {
      case Heavy = ".SFNSText-Heavy"
      case Bold = ".SFNSText-Bold"
      case Regular = ".SFNSText-Regular"
  }
  enum ZapfDingbats: String {
      case Regular = "ZapfDingbatsITC"
  }
}
