// Generated using SwiftGen, by O.Halligon â€” https://github.com/AliSoftware/SwiftGen

#if os(iOS)
  import UIKit.UImage
  typealias Image = UImage
#elseif os(OSX)
  import AppKit.NSImage
  typealias Image = NSImage
#endif

enum Asset: String {
  case Apple = "Apple"
  case Banana = "Banana"

  var image: Image {
    return Image(asset: self)
  }
}

extension Image {
  convenience init!(asset: Asset) {
    self.init(named: asset.rawValue)
  }
}
