// Generated using SwiftGen, by O.Halligon â€” https://github.com/AliSoftware/SwiftGen

import Cocoa

enum Asset: String {
  case Green_Apple = "Green-Apple"
  case Red_Apple = "Red apple"
  case _2_Pears = "2-pears"

  var image: NSImage {
    return NSImage(asset: self)
  }
}

extension NSImage {
  convenience init!(asset: Asset) {
    self.init(named: asset.rawValue)
  }
}
