// Generated using SwiftGen, by O.Halligon â€” https://github.com/AliSoftware/SwiftGen

#if os(iOS)
  import UIKit.Image
  typealias Image = Image
#elseif os(OSX)
  import AppKit.NSImage
  typealias Image = NSImage
#endif

enum Asset: String {
  case Green_Apple = "Green-Apple"
  case Red_Apple = "Red apple"
  case _2_Pears = "2-pears"

  var image: Image {
    return Image(asset: self)
  }
}

extension Image {
  convenience init!(asset: Asset) {
    self.init(named: asset.rawValue)
  }
}
