// Generated using SwiftGen, by O.Halligon â€” https://github.com/AliSoftware/SwiftGen

import Cocoa

enum XCTImages: String {
  case Apple = "Apple"
  case Banana = "Banana"

  var image: NSImage {
    return NSImage(asset: self)
  }
}

extension NSImage {
  convenience init!(asset: XCTImages) {
    self.init(named: asset.rawValue)
  }
}
