// Generated using SwiftGen, by O.Halligon â€” https://github.com/AliSoftware/SwiftGen

#if os(iOS) || os(tvOS) || os(watchOS)
  import UIKit.UIImage
  typealias Image = UIImage
#elseif os(OSX)
  import AppKit.NSImage
  typealias Image = NSImage
#endif

// swiftlint:disable file_length
// swiftlint:disable line_length

// swiftlint:disable type_body_length
enum Asset: String {
  case Apple = "Apple"
  case Apricot = "Apricot"
  case Banana = "Banana"
  case Cherry = "Cherry"
  case Lemon = "Lemon"
  case Mango = "Mango"
  case Orange = "Orange"
  case Tomato = "Tomato"

  static let allValues = [
    Apple,
    Apricot,
    Banana,
    Cherry,
    Lemon,
    Mango,
    Orange,
    Tomato,
  ]

  var image: Image {
    return Image(asset: self)
  }
}
// swiftlint:enable type_body_length

extension Image {
  convenience init!(asset: Asset) {
    self.init(named: asset.rawValue)
  }
}
