// Generated using SwiftGen, by O.Halligon â€” https://github.com/AliSoftware/SwiftGen

import AppKit.NSImage

enum Asset: String {
  case Apple = "Apple"
  case Banana = "Banana"

  static let allValues = [
    Apple,
    Banana,
  ]

  var image: NSImage {
    return NSImage(asset: self)
  }
}

extension NSImage {
  convenience init!(asset: Asset) {
    self.init(named: asset.rawValue)
  }
}
