// Generated using SwiftGen, by O.Halligon â€” https://github.com/AliSoftware/SwiftGen

import Foundation
import UIKit

protocol StoryboardScene {
  static var storyboardName : String { get }
}

extension StoryboardScene {
  static func storyboard() -> UIStoryboard {
    return UIStoryboard(name: self.storyboardName, bundle: nil)
  }

  static func initialViewController() -> UIViewController {
    return storyboard().instantiateInitialViewController()!
  }
}

extension StoryboardScene where Self: RawRepresentable, Self.RawValue == String {
  func viewController() -> UIViewController {
    return Self.storyboard().instantiateViewControllerWithIdentifier(self.rawValue)
  }
  static func viewController(identifier: Self) -> UIViewController {
    return identifier.viewController()
  }
}

extension UIStoryboard {
  struct Scene {
    enum Message : String, StoryboardScene {
      static let storyboardName = "Message"

      case Composer = "Composer"
      static func composerViewController() -> UIViewController {
        return Message.Composer.viewController()
      }

      case MessagesList = "MessagesList"
      static func messagesListViewController() -> UITableViewController {
        return Message.MessagesList.viewController() as! UITableViewController
      }

      case NavCtrl = "NavCtrl"
      static func navCtrlViewController() -> UINavigationController {
        return Message.NavCtrl.viewController() as! UINavigationController
      }

      case URLChooser = "URLChooser"
      static func urlChooserViewController() -> XXPickerViewController {
        return Message.URLChooser.viewController() as! XXPickerViewController
      }
    }
  }

  struct Segue {
    enum Message : String {
      case CustomBack = "CustomBack"
      case Embed = "Embed"
      case NonCustom = "NonCustom"
      case Show_NavCtrl = "Show-NavCtrl"
    }
  }
}
