// Generated using SwiftGen, by O.Halligon â€” https://github.com/AliSoftware/SwiftGen

import Foundation

// swiftlint:disable file_length
// swiftlint:disable type_body_length
// swiftlint:disable nesting

struct L10n {
  /// Title of the alert
  static let AlertTitle = L10n.tr("alert_title")
  /// Some alert body there
  static let AlertMessage = L10n.tr("alert_message")
  /// Hello, my name is %@ and I'm %d
  static func Greetings(p0: String, p1: Int) -> String {
    return L10n.tr("greetings", p0, p1)
  }
}

extension L10n {
  private static func tr(key: String, _ args: CVarArgType...) -> String {
    let format = NSLocalizedString(key, comment: "")
    return String(format: format, locale: NSLocale.currentLocale(), arguments: args)
  }
}

// swiftlint:enable type_body_length
// swiftlint:enable nesting
