// Generated using SwiftGen, by O.Halligon â€” https://github.com/AliSoftware/SwiftGen

import Foundation

enum XCTLoc {
  case Alert_title
  case Alert_message
  case Greetings(String, Int)
  case Apples_Count(Int)
  case Bananas_Owner(Int, String)
  case Object_Ownership(Int, String, String)
}

extension XCTLoc : CustomStringConvertible {
  var description : String { return self.string }

  var string : String {
    switch self {
      case .Alert_title:
        return XCTLoc.tr("alert_title")
      case .Alert_message:
        return XCTLoc.tr("alert_message")
      case .Greetings(let p0, let p1):
        return XCTLoc.tr("greetings", p0, p1)
      case .Apples_Count(let p0):
        return XCTLoc.tr("apples.count", p0)
      case .Bananas_Owner(let p0, let p1):
        return XCTLoc.tr("bananas.owner", p0, p1)
      case .Object_Ownership(let p0, let p1, let p2):
        return XCTLoc.tr("object.ownership", p0, p1, p2)
    }
  }

  private static func tr(key: String, _ args: CVarArgType...) -> String {
    let format = NSLocalizedString(key, comment: "")
    return String(format: format, arguments: args)
  }
}

func tr(key: XCTLoc) -> String {
  return key.string
}
