// Generated using SwiftGen, by O.Halligon â€” https://github.com/AliSoftware/SwiftGen

import Foundation

enum L10n {
  /// Title of the alert
  case AlertTitle
  /// Some alert body there
  case AlertMessage
  /// Hello, my name is %@ and I'm %d
  case Greetings(String, Int)
  /// You have %d apples
  case ApplesCount(Int)
  /// Those %d bananas belong to %@.
  case BananasOwner(Int, String)
  /// These are %3$@'s %1$d %2$@.
  case ObjectOwnership(Int, String, String)

  case Settings(L10n.SettingsL10n)
  enum SettingsL10n {

    case NavigationBar(L10n.SettingsL10n.NavigationBarL10n)
    enum NavigationBarL10n {
        /// Settings
        case Title
    }

    case UserProfileSection(L10n.SettingsL10n.UserProfileSectionL10n)
    enum UserProfileSectionL10n {
      /// User Profile Settings
      case HeaderTitle
      /// Here you can change some user profile settings.
      case FooterText
    }

  }

}

extension L10n: CustomStringConvertible {
  var description: String { return self.string }

  var string: String {
    switch self {
      case .AlertTitle:
        return L10n.tr("alert_title")
      case .AlertMessage:
        return L10n.tr("alert_message")
      case .Greetings(let p0, let p1):
        return L10n.tr("greetings", p0, p1)
      case .ApplesCount(let p0):
        return L10n.tr("apples.count", p0)
      case .BananasOwner(let p0, let p1):
        return L10n.tr("bananas.owner", p0, p1)
      case .ObjectOwnership(let p0, let p1, let p2):
        return L10n.tr("object.ownership", p0, p1, p2)
      case .Settings(let level1key):

        switch level1key {
          case .NavigationBar(let level2key):

            switch level2key {
              case .Title:
                return L10n.tr("settings.navigation-bar.title")
            }

          case .UserProfileSection(let level2key):

            switch level2key {
              case .HeaderTitle:
                return L10n.tr("SETTINGS.USER_PROFILE_SECTION.HEADER_TITLE")
              case .FooterText:
                return L10n.tr("seTTings.uSer-proFile-sectioN.footer_text")
            }

        }

      }
    }
  }

  private static func tr(key: String, _ args: CVarArgType...) -> String {
    let format = NSLocalizedString(key, comment: "")
    return String(format: format, locale: NSLocale.currentLocale(), arguments: args)
  }
}

func tr(key: L10n) -> String {
  return key.string
}
